Creating test database for alias 'default' ('file:memorydb_default?mode=memory&cache=shared')...
[*] Redis: Skipped (using database sessions)
Cloudinary storage configured
Database: Local Development
Redis: Not configured (using fallback)
Debug Mode: True
Found 92 test(s).
Operations to perform:
  Synchronize unmigrated apps: cloudinary, cloudinary_storage, crispy_forms, crispy_tailwind, csp, django_bleach, django_ckeditor_5, messages, staticfiles
  Apply all migrations: accounts, admin, auth, content, contenttypes, engagement, sessions
Synchronizing apps without migrations:
  Creating tables...
    Running deferred SQL...
Running migrations:
  Applying contenttypes.0001_initial... OK
  Applying auth.0001_initial... OK
  Applying accounts.0001_initial... OK
  Applying accounts.0002_alter_profile_options_profile_avatar_and_more... OK
  Applying accounts.0003_alter_profile_user_alter_subscription_subscriber... OK
  Applying accounts.0004_delete_subscription... OK
  Applying accounts.0005_profile_auto_subscribed_to_platform... OK
  Applying accounts.0006_alter_profile_avatar... OK
  Applying admin.0001_initial... OK
  Applying admin.0002_logentry_remove_auto_add... OK
  Applying admin.0003_logentry_add_action_flag_choices... OK
  Applying contenttypes.0002_remove_content_type_name... OK
  Applying auth.0002_alter_permission_name_max_length... OK
  Applying auth.0003_alter_user_email_max_length... OK
  Applying auth.0004_alter_user_username_opts... OK
  Applying auth.0005_alter_user_last_login_null... OK
  Applying auth.0006_require_contenttypes_0002... OK
  Applying auth.0007_alter_validators_add_error_messages... OK
  Applying auth.0008_alter_user_username_max_length... OK
  Applying auth.0009_alter_user_last_name_max_length... OK
  Applying auth.0010_alter_group_name_max_length... OK
  Applying auth.0011_update_proxy_permissions... OK
  Applying auth.0012_alter_user_first_name_max_length... OK
  Applying content.0001_initial... OK
  Applying content.0002_alter_article_content... OK
  Applying content.0003_alter_bulletin_title... OK
  Applying content.0004_article_evaluation_alter_article_status... OK
  Applying content.0005_alter_article_evaluation... OK
  Applying content.0006_alter_article_evaluation... OK
  Applying content.0007_rename_subtite_article_subtitle_and_more... OK
  Applying content.0008_alter_article_content... OK
  Applying content.0009_alter_article_content... OK
  Applying content.0010_alter_article_title_alter_article_unique_together... OK
  Applying engagement.0001_initial... OK
  Applying engagement.0002_alter_comment_article_alter_comment_author... OK
  Applying engagement.0003_readlater... OK
  Applying engagement.0004_alter_comment_unique_together_and_more... OK
  Applying sessions.0001_initial...test_reader_cannot_create_article (accounts.tests.CriticalSecurityTests.test_reader_cannot_create_article)
CRITICAL: Verify readers can't create articles ... C:\Users\maria\AppData\Roaming\Python\Python314\site-packages\django\core\handlers\base.py:61: UserWarning: No directory at: C:\Users\maria\Documents\GitHub\blog_platform\staticfiles\
  mw_instance = middleware(adapted_handler)
Forbidden (Permission denied): /article/create/
Traceback (most recent call last):
  File "C:\Users\maria\AppData\Roaming\Python\Python314\site-packages\django\core\handlers\exception.py", line 55, in inner
    response = get_response(request)
  File "C:\Users\maria\AppData\Roaming\Python\Python314\site-packages\django\core\handlers\base.py", line 197, in _get_response
    response = wrapped_callback(request, *callback_args, **callback_kwargs)
  File "C:\Users\maria\AppData\Roaming\Python\Python314\site-packages\django\views\generic\base.py", line 104, in view
    return self.dispatch(request, *args, **kwargs)
           ~~~~~~~~~~~~~^^^^^^^^^^^^^^^^^^^^^^^^^^
  File "C:\Users\maria\AppData\Roaming\Python\Python314\site-packages\django\contrib\auth\mixins.py", line 73, in dispatch
    return super().dispatch(request, *args, **kwargs)
           ~~~~~~~~~~~~~~~~^^^^^^^^^^^^^^^^^^^^^^^^^^
  File "C:\Users\maria\AppData\Roaming\Python\Python314\site-packages\django\contrib\auth\mixins.py", line 134, in dispatch
    return self.handle_no_permission()
           ~~~~~~~~~~~~~~~~~~~~~~~~~^^
  File "C:\Users\maria\AppData\Roaming\Python\Python314\site-packages\django\contrib\auth\mixins.py", line 48, in handle_no_permission
    raise PermissionDenied(self.get_permission_denied_message())
django.core.exceptions.PermissionDenied
ok
test_unauthenticated_cannot_create_article (accounts.tests.CriticalSecurityTests.test_unauthenticated_cannot_create_article)
CRITICAL: Verify anonymous users can't create articles ... ok
test_reader_cannot_create_article (accounts.tests.PermissionTests.test_reader_cannot_create_article)
Readers should not be able to create articles ... Forbidden (Permission denied): /article/create/
Traceback (most recent call last):
  File "C:\Users\maria\AppData\Roaming\Python\Python314\site-packages\django\core\handlers\exception.py", line 55, in inner
    response = get_response(request)
  File "C:\Users\maria\AppData\Roaming\Python\Python314\site-packages\django\core\handlers\base.py", line 197, in _get_response
    response = wrapped_callback(request, *callback_args, **callback_kwargs)
  File "C:\Users\maria\AppData\Roaming\Python\Python314\site-packages\django\views\generic\base.py", line 104, in view
    return self.dispatch(request, *args, **kwargs)
           ~~~~~~~~~~~~~^^^^^^^^^^^^^^^^^^^^^^^^^^
  File "C:\Users\maria\AppData\Roaming\Python\Python314\site-packages\django\contrib\auth\mixins.py", line 73, in dispatch
    return super().dispatch(request, *args, **kwargs)
           ~~~~~~~~~~~~~~~~^^^^^^^^^^^^^^^^^^^^^^^^^^
  File "C:\Users\maria\AppData\Roaming\Python\Python314\site-packages\django\contrib\auth\mixins.py", line 134, in dispatch
    return self.handle_no_permission()
           ~~~~~~~~~~~~~~~~~~~~~~~~~^^
  File "C:\Users\maria\AppData\Roaming\Python\Python314\site-packages\django\contrib\auth\mixins.py", line 48, in handle_no_permission
    raise PermissionDenied(self.get_permission_denied_message())
django.core.exceptions.PermissionDenied
ok
test_writer_can_create_article (accounts.tests.PermissionTests.test_writer_can_create_article)
Writers should be able to create articles ... ok
test_profile_full_name (accounts.tests.ProfileModelTest.test_profile_full_name) ... ok
test_profile_is_admin_property_for_admin (accounts.tests.ProfileModelTest.test_profile_is_admin_property_for_admin)
Test is_reader, is_writer, is_admin properties for admin role ... ok
test_profile_is_reader_property_for_reader (accounts.tests.ProfileModelTest.test_profile_is_reader_property_for_reader)
Test is_reader, is_writer, is_admin properties for reader role ... ok
test_profile_repr (accounts.tests.ProfileModelTest.test_profile_repr) ... ok
test_profile_role (accounts.tests.ProfileModelTest.test_profile_role) ... ok
test_profile_role_property_writer (accounts.tests.ProfileModelTest.test_profile_role_property_writer)
Test is_writer property for writer role ... ok
test_profile_str (accounts.tests.ProfileModelTest.test_profile_str) ... ok
test_profile_username_unique (accounts.tests.ProfileModelTest.test_profile_username_unique) ... ok
test_anonymous_cannot_promote_anyone (accounts.tests.RolePromotionSecurityTest.test_anonymous_cannot_promote_anyone) ... ok
test_reader_can_promote_self_to_writer (accounts.tests.RolePromotionSecurityTest.test_reader_can_promote_self_to_writer) ... ok
test_reader_cannot_promote_other_user (accounts.tests.RolePromotionSecurityTest.test_reader_cannot_promote_other_user) ... ok
test_reader_cannot_promote_to_admin (accounts.tests.RolePromotionSecurityTest.test_reader_cannot_promote_to_admin) ... ok
test_superuser_can_promote_others_to_admin (accounts.tests.RolePromotionSecurityTest.test_superuser_can_promote_others_to_admin) ... ok
test_template_shows_correct_buttons (accounts.tests.RolePromotionSecurityTest.test_template_shows_correct_buttons) ... ok
test_signup_form_invalid_email (accounts.tests.SignUpFormTest.test_signup_form_invalid_email) ... ok
test_signup_form_passwords_not_match (accounts.tests.SignUpFormTest.test_signup_form_passwords_not_match) ... ok
test_signup_form_username_taken (accounts.tests.SignUpFormTest.test_signup_form_username_taken) ... ok
test_signup_form_valid (accounts.tests.SignUpFormTest.test_signup_form_valid) ... ok
test_signup_form_without_email (accounts.tests.SignUpFormTest.test_signup_form_without_email) ... ok
test_signup_form_without_password1 (accounts.tests.SignUpFormTest.test_signup_form_without_password1) ... ok
test_signup_form_without_password2 (accounts.tests.SignUpFormTest.test_signup_form_without_password2) ... ok
test_article_form_bulletin_set_from_user (content.tests.test_forms.ArticleFormTest.test_article_form_bulletin_set_from_user) ... ok
test_article_form_content_cannot_be_only_whitespace (content.tests.test_forms.ArticleFormTest.test_article_form_content_cannot_be_only_whitespace)
Test that content with only HTML tags is invalid ... ok
test_article_form_content_required (content.tests.test_forms.ArticleFormTest.test_article_form_content_required)
Test that content field is required (mandatory) ... ok
test_article_form_content_valid_with_text (content.tests.test_forms.ArticleFormTest.test_article_form_content_valid_with_text)
Test that content with actual text is valid ... ok
test_article_form_is_valid (content.tests.test_forms.ArticleFormTest.test_article_form_is_valid) ... ok
test_article_form_status_empty (content.tests.test_forms.ArticleFormTest.test_article_form_status_empty) ... ok
test_article_form_status_option (content.tests.test_forms.ArticleFormTest.test_article_form_status_option) ... ok
test_article_form_title_empty (content.tests.test_forms.ArticleFormTest.test_article_form_title_empty) ... ok
test_article_form_visibility_empty (content.tests.test_forms.ArticleFormTest.test_article_form_visibility_empty) ... ok
test_article_form_visibility_option (content.tests.test_forms.ArticleFormTest.test_article_form_visibility_option) ... ok
test_bulletin_form_is_valid (content.tests.test_forms.BulletinFormTest.test_bulletin_form_is_valid) ... ok
test_bulletin_form_without_description (content.tests.test_forms.BulletinFormTest.test_bulletin_form_without_description) ... ok
test_bulletin_form_without_slug (content.tests.test_forms.BulletinFormTest.test_bulletin_form_without_slug) ... ok
test_bulletin_form_without_title (content.tests.test_forms.BulletinFormTest.test_bulletin_form_without_title) ... ok
test_login (content.tests.test_gui.GuiTestWithSelenium.test_login) ... skipped ''
test_page_titles (content.tests.test_gui.GuiTestWithSelenium.test_page_titles) ... skipped ''
test_signup (content.tests.test_gui.GuiTestWithSelenium.test_signup) ... skipped ''
test_article_author (content.tests.test_models.ArticleModelTest.test_article_author) ... ok
test_article_data (content.tests.test_models.ArticleModelTest.test_article_data) ... ok
test_article_published_date_status_change (content.tests.test_models.ArticleModelTest.test_article_published_date_status_change) ... ok
test_article_published_date_status_set (content.tests.test_models.ArticleModelTest.test_article_published_date_status_set) ... ok
test_article_repr (content.tests.test_models.ArticleModelTest.test_article_repr) ... ok
test_article_str (content.tests.test_models.ArticleModelTest.test_article_str) ... ok
test_article_title_unique (content.tests.test_models.ArticleModelTest.test_article_title_unique) ... ok
test_article_writer (content.tests.test_models.ArticleModelTest.test_article_writer) ... ok
test_bulletin_data (content.tests.test_models.BulletinModelTest.test_bulletin_data) ... ok
test_bulletin_owner_profile (content.tests.test_models.BulletinModelTest.test_bulletin_owner_profile) ... ok
test_bulletin_owner_role (content.tests.test_models.BulletinModelTest.test_bulletin_owner_role) ... ok
test_bulletin_repr (content.tests.test_models.BulletinModelTest.test_bulletin_repr) ... ok
test_bulletin_slug_unique (content.tests.test_models.BulletinModelTest.test_bulletin_slug_unique) ... ok
test_bulletin_str (content.tests.test_models.BulletinModelTest.test_bulletin_str) ... ok
test_bulletin_title (content.tests.test_models.BulletinModelTest.test_bulletin_title) ... ok
test_bulletin_title_unique (content.tests.test_models.BulletinModelTest.test_bulletin_title_unique) ... ok
test_subscription_data (content.tests.test_models.SubscriptionModelTest.test_subscription_data) ... ok
test_subscription_repr (content.tests.test_models.SubscriptionModelTest.test_subscription_repr) ... ok
test_subscription_srt (content.tests.test_models.SubscriptionModelTest.test_subscription_srt) ... ok
test_subscription_unique (content.tests.test_models.SubscriptionModelTest.test_subscription_unique) ... ok
test_search_empty_query (content.tests.test_search.SearchTests.test_search_empty_query)
Test search with empty query ... C:\Users\maria\AppData\Roaming\Python\Python314\site-packages\django\core\handlers\base.py:61: UserWarning: No directory at: C:\Users\maria\Documents\GitHub\blog_platform\staticfiles\
  mw_instance = middleware(adapted_handler)
ok
test_search_finds_articles_by_description (content.tests.test_search.SearchTests.test_search_finds_articles_by_description)
Test search finds articles by description ... C:\Users\maria\AppData\Roaming\Python\Python314\site-packages\django\core\handlers\base.py:61: UserWarning: No directory at: C:\Users\maria\Documents\GitHub\blog_platform\staticfiles\
  mw_instance = middleware(adapted_handler)
ok
test_search_finds_articles_by_title (content.tests.test_search.SearchTests.test_search_finds_articles_by_title)
Test search finds articles by title ... C:\Users\maria\AppData\Roaming\Python\Python314\site-packages\django\core\handlers\base.py:61: UserWarning: No directory at: C:\Users\maria\Documents\GitHub\blog_platform\staticfiles\
  mw_instance = middleware(adapted_handler)
ok
test_search_no_results (content.tests.test_search.SearchTests.test_search_no_results)
Test search with no matching results ... C:\Users\maria\AppData\Roaming\Python\Python314\site-packages\django\core\handlers\base.py:61: UserWarning: No directory at: C:\Users\maria\Documents\GitHub\blog_platform\staticfiles\
  mw_instance = middleware(adapted_handler)
ok
test_article_delete_redirects_to_bulletin_owner_profile (content.tests.test_views.ArticleDeleteViewRedirectTest.test_article_delete_redirects_to_bulletin_owner_profile)
Test that article deletion redirects to bulletin owner's profile ... ok
test_delete_response_is_accessible (content.tests.test_views.ArticleDeleteViewRedirectTest.test_delete_response_is_accessible)
Test that redirect target (profile page) is accessible ... ok
test_deleted_article_no_longer_exists (content.tests.test_views.ArticleDeleteViewRedirectTest.test_deleted_article_no_longer_exists)
Test that article is actually deleted from database ... ok
test_anonymous_cannot_edit_article (content.tests.test_views.ArticleUpdateViewPermissionTest.test_anonymous_cannot_edit_article)
Test that anonymous users cannot edit articles ... ok
test_non_owner_cannot_edit_article (content.tests.test_views.ArticleUpdateViewPermissionTest.test_non_owner_cannot_edit_article)
Test that non-owner gets 403 Forbidden when trying to edit ... Forbidden (Permission denied): /article/edit/1/
Traceback (most recent call last):
  File "C:\Users\maria\AppData\Roaming\Python\Python314\site-packages\django\core\handlers\exception.py", line 55, in inner
    response = get_response(request)
  File "C:\Users\maria\AppData\Roaming\Python\Python314\site-packages\django\core\handlers\base.py", line 197, in _get_response
    response = wrapped_callback(request, *callback_args, **callback_kwargs)
  File "C:\Users\maria\AppData\Roaming\Python\Python314\site-packages\django\views\generic\base.py", line 104, in view
    return self.dispatch(request, *args, **kwargs)
           ~~~~~~~~~~~~~^^^^^^^^^^^^^^^^^^^^^^^^^^
  File "C:\Users\maria\AppData\Roaming\Python\Python314\site-packages\django\contrib\auth\mixins.py", line 73, in dispatch
    return super().dispatch(request, *args, **kwargs)
           ~~~~~~~~~~~~~~~~^^^^^^^^^^^^^^^^^^^^^^^^^^
  File "C:\Users\maria\AppData\Roaming\Python\Python314\site-packages\django\contrib\auth\mixins.py", line 134, in dispatch
    return self.handle_no_permission()
           ~~~~~~~~~~~~~~~~~~~~~~~~~^^
  File "C:\Users\maria\AppData\Roaming\Python\Python314\site-packages\django\contrib\auth\mixins.py", line 48, in handle_no_permission
    raise PermissionDenied(self.get_permission_denied_message())
django.core.exceptions.PermissionDenied
ok
test_owner_can_edit_own_article (content.tests.test_views.ArticleUpdateViewPermissionTest.test_owner_can_edit_own_article)
Test that article owner can edit their own article ... ok
test_form_empty_content (engagement.tests.test_form.CommentFormTest.test_form_empty_content) ... ok
test_form_too_long_content (engagement.tests.test_form.CommentFormTest.test_form_too_long_content) ... ok
test_form_valid_data (engagement.tests.test_form.CommentFormTest.test_form_valid_data) ... ok
test_comment_article (engagement.tests.test_models.CommentModelTest.test_comment_article) ... ok
test_comment_author (engagement.tests.test_models.CommentModelTest.test_comment_author) ... ok
test_comment_content (engagement.tests.test_models.CommentModelTest.test_comment_content) ... ok
test_comment_repr (engagement.tests.test_models.CommentModelTest.test_comment_repr) ... ok
test_comment_str (engagement.tests.test_models.CommentModelTest.test_comment_str) ... ok
test_comment_unique_together_constraint (engagement.tests.test_models.CommentModelTest.test_comment_unique_together_constraint)
Test that duplicate comments (same user+article) raise IntegrityError. ... ok
test_like_article (engagement.tests.test_models.LikeModelTest.test_like_article) ... ok
test_like_author (engagement.tests.test_models.LikeModelTest.test_like_author) ... ok
test_like_author_relationship (engagement.tests.test_models.LikeModelTest.test_like_author_relationship) ... ok
test_like_own_article (engagement.tests.test_models.LikeModelTest.test_like_own_article)
Test that users cannot like their own articles (view-level check) ... ok
test_like_repr (engagement.tests.test_models.LikeModelTest.test_like_repr) ... ok
test_like_str (engagement.tests.test_models.LikeModelTest.test_like_str) ... ok
test_like_unique_together_constraint (engagement.tests.test_models.LikeModelTest.test_like_unique_together_constraint)
Test that duplicate likes (same user+article) raise IntegrityError. ... ok
test_readlater_author (engagement.tests.test_models.ReadLaterModelTest.test_readlater_author) ... ok
test_readlater_repr (engagement.tests.test_models.ReadLaterModelTest.test_readlater_repr) ... ok
test_readlater_str (engagement.tests.test_models.ReadLaterModelTest.test_readlater_str) ... ok
test_readlater_unique_together_constraint (engagement.tests.test_models.ReadLaterModelTest.test_readlater_unique_together_constraint)
Test that duplicate read-later bookmarks (same user+article) raise IntegrityError. ... ok

----------------------------------------------------------------------
Ran 92 tests in 110.176s

OK (skipped=3)
Destroying test database for alias 'default' ('file:memorydb_default?mode=memory&cache=shared')...
 OK
System check identified no issues (0 silenced).

ProfileModelTest - setting setUpTestData

SignUpFormTest - setting setUpTestData

ArticleFormTest - setting setUpTestData

BulletinFormTest - setting setUpTestData

GuiTestWithSelenium

ArticleModel - setting setUpTestData

BulletinModel - setting setUpTestData

SubscriptionModel - setting setUpTestData

CommentFormTest - setting setUpTestData

CommentModelTest - setting setUpTestData

LikeModelTest - setting setUpTestData

ReadLaterModelTest - setting setUpTestData
